1 00:14:28 200 8 9241
2 00:14:32 200 8 9241
3 00:14:34 200 8 9241
4 00:14:36 200 8 9241
5 00:14:38 200 8 9241
6 00:14:41 200 8 9241
7 00:14:43 200 8 9241
8 00:14:46 200 8 9241
9 00:14:48 200 8 9241
10 00:14:51 200 8 9241
11 00:14:53 200 8 9241
12 00:14:56 200 8 9241
13 00:14:58 200 8 9241
14 00:15:01 200 8 9241
15 00:15:03 200 8 9241
16 00:15:05 200 8 9241
17 00:15:07 200 8 9241
18 00:15:10 200 8 9241
19 00:15:12 200 8 9241
20 00:15:14 200 8 9241
21 00:15:21 200 8 9241
22 00:15:23 200 8 9241
23 00:15:26 200 8 9241
24 00:15:28 200 8 9241
25 00:17:04 200 1 551f12e3
26 00:17:08 200 1 551f12e3
27 00:17:10 200 1 551f12e3
28 00:17:12 200 1 551f12e3
29 00:17:15 200 8 44d50d05
30 00:17:17 200 8 44d50d05
31 00:17:20 200 8 44d50d05
32 00:17:22 200 8 44d50d05
33 00:17:25 200 8 44d50d05
34 00:17:27 200 8 44d50d05
35 00:17:29 200 8 44d50d05
36 00:17:32 200 8 44d50d05
37 00:17:34 200 8 44d50d05
38 00:17:36 200 8 44d50d05
39 00:17:39 200 8 44d50d05
40 00:17:41 200 8 44d50d05
41 00:17:44 200 8 44d50d05
42 00:17:46 200 8 44d50d05
43 00:17:48 200 8 44d50d05
44 00:17:51 200 8 44d50d05
